# tailscale oneself ping failed issue, analysis and resolving.

- date: 2025.4.24
- reference: https://private-user-images.githubusercontent.com/67146986/434586401-c315833f-fc60-417d-9be7-eaf2c442cee3.png?jwt=eyJhbGciOiJIUzI1NiIsInR5cCI6IkpXVCJ9.eyJpc3MiOiJnaXRodWIuY29tIiwiYXVkIjoicmF3LmdpdGh1YnVzZXJjb250ZW50LmNvbSIsImtleSI6ImtleTUiLCJleHAiOjE3NDU0ODg3NjQsIm5iZiI6MTc0NTQ4ODQ2NCwicGF0aCI6Ii82NzE0Njk4Ni80MzQ1ODY0MDEtYzMxNTgzM2YtZmM2MC00MTdkLTliZTctZWFmMmM0NDJjZWUzLnBuZz9YLUFtei1BbGdvcml0aG09QVdTNC1ITUFDLVNIQTI1NiZYLUFtei1DcmVkZW50aWFsPUFLSUFWQ09EWUxTQTUzUFFLNFpBJTJGMjAyNTA0MjQlMkZ1cy1lYXN0LTElMkZzMyUyRmF3czRfcmVxdWVzdCZYLUFtei1EYXRlPTIwMjUwNDI0VDA5NTQyNFomWC1BbXotRXhwaXJlcz0zMDAmWC1BbXotU2lnbmF0dXJlPTBmOTM5MzdjZTBjMzQ1NDA0ZWQ5ZmJhMTQ1ZmJlMWQyNzcyNTE4NmU5ZmNhMzg2ZGI3MDAxNDgzMGNlOGEyZTkmWC1BbXotU2lnbmVkSGVhZGVycz1ob3N0In0.f0FXj6jlBc6qWA2tt2a10-2KMievbmSye4E_7zkYusA
	Cannot ping oneself but can ping peers #15655
	2025.04
- bug: https://github.com/tailscale/tailscale/issues/13863  
	Incompatibility with Linux 6.11.{4,5} and 6.6.{57,58} due to ip6tables error #13863
	
- tailscale version: 

ubuntu@mt-1:~$ tailscale --version
1.82.5
  tailscale commit: dec88625eafdcac4dfae8f592705919184ec4df7
  other commit: ec2eb973098fbcd878430fcda1496ca04b9b7328
  go version: go1.24.2


ubuntu@mt-1:~$ ip addr
1: lo: <LOOPBACK,UP,LOWER_UP> mtu 65536 qdisc noqueue state UNKNOWN group default qlen 1000
    link/loopback 00:00:00:00:00:00 brd 00:00:00:00:00:00
    inet 127.0.0.1/8 scope host lo
       valid_lft forever preferred_lft forever
    inet6 ::1/128 scope host noprefixroute
       valid_lft forever preferred_lft forever
2: eth0: <BROADCAST,MULTICAST,UP,LOWER_UP> mtu 1500 qdisc mq state UP group default qlen 1000
    link/ether 52:54:00:30:ad:b5 brd ff:ff:ff:ff:ff:ff
    inet 172.29.127.99/20 metric 100 brd 172.29.127.255 scope global dynamic eth0
       valid_lft 84896sec preferred_lft 84896sec
    inet6 fe80::5054:ff:fe30:adb5/64 scope link
       valid_lft forever preferred_lft forever
3: tailscale0: <POINTOPOINT,MULTICAST,NOARP,UP,LOWER_UP> mtu 1280 qdisc fq_codel state UNKNOWN group default qlen 500
    link/none
    inet 100.119.43.87/32 scope global tailscale0
       valid_lft forever preferred_lft forever
    inet6 fd7a:115c:a1e0::5b01:2b57/128 scope global
       valid_lft forever preferred_lft forever
    inet6 fe80::bf54:dc26:93f8:ac0b/64 scope link stable-privacy
       valid_lft forever preferred_lft forever
	   
ubuntu@mt-1:~$ ping -c 1 100.119.43.87
PING 100.119.43.87 (100.119.43.87) 56(84) bytes of data.
^C
--- 100.119.43.87 ping statistics ---
1 packets transmitted, 0 received, 100% packet loss, time 0ms


ubuntu@mt-1:~$ sudo iptables -L --line-number
Chain INPUT (policy ACCEPT)
num  target     prot opt source               destination
1    ts-input   all  --  anywhere             anywhere

Chain FORWARD (policy ACCEPT)
num  target     prot opt source               destination
1    ts-forward  all  --  anywhere             anywhere

Chain OUTPUT (policy ACCEPT)
num  target     prot opt source               destination

Chain ts-forward (1 references)
num  target     prot opt source               destination
1    MARK       all  --  anywhere             anywhere             MARK xset 0x40000/0xff0000
2    ACCEPT     all  --  anywhere             anywhere             mark match 0x40000/0xff0000
3    DROP       all  --  100.64.0.0/10        anywhere
4    ACCEPT     all  --  anywhere             anywhere

Chain ts-input (1 references)
num  target     prot opt source               destination
1    RETURN     all  --  100.115.92.0/23      anywhere
2    DROP       all  --  100.64.0.0/10        anywhere
3    ACCEPT     all  --  anywhere             anywhere


## delete rules 
ubuntu@mt-1:~$ sudo iptables -D ts-input 2
ubuntu@mt-1:~$ sudo iptables -D ts-forward 3

ubuntu@mt-1:~$ sudo iptables -L --line-number
Chain INPUT (policy ACCEPT)
num  target     prot opt source               destination
1    ts-input   all  --  anywhere             anywhere

Chain FORWARD (policy ACCEPT)
num  target     prot opt source               destination
1    ts-forward  all  --  anywhere             anywhere

Chain OUTPUT (policy ACCEPT)
num  target     prot opt source               destination

Chain ts-forward (1 references)
num  target     prot opt source               destination
1    MARK       all  --  anywhere             anywhere             MARK xset 0x40000/0xff0000
2    ACCEPT     all  --  anywhere             anywhere             mark match 0x40000/0xff0000
3    ACCEPT     all  --  anywhere             anywhere

Chain ts-input (1 references)
num  target     prot opt source               destination
1    RETURN     all  --  100.115.92.0/23      anywhere
2    ACCEPT     all  --  anywhere             anywhere


ubuntu@mt-1:~$ ping -c 1 100.119.43.87
PING 100.119.43.87 (100.119.43.87) 56(84) bytes of data.
64 bytes from 100.119.43.87: icmp_seq=1 ttl=64 time=0.022 ms

--- 100.119.43.87 ping statistics ---
1 packets transmitted, 1 received, 0% packet loss, time 0ms
rtt min/avg/max/mdev = 0.022/0.022/0.022/0.000 ms


ubuntu@mt-1:~$ ping -c 1 mt-1.tailb87424.ts.net
PING mt-1.tailb87424.ts.net (100.119.43.87) 56(84) bytes of data.
64 bytes from mt-1.tailb87424.ts.net (100.119.43.87): icmp_seq=1 ttl=64 time=0.015 ms

--- mt-1.tailb87424.ts.net ping statistics ---
1 packets transmitted, 1 received, 0% packet loss, time 0ms
rtt min/avg/max/mdev = 0.015/0.015/0.015/0.000 ms

